ERROR: Overflow detected, terminating program execution with error.
