!"#$%&'()*+,-./0123456789:;<=>?@ABCDEFGHIJKLMNOPQRSTUVWXYZ[\]^_`abcdefghijklmnopqrstuvwxyz{|}~¡¢£¤¥¦§¨©ª«¬®¯°±²³´µ¶·¸¹º»¼½¾¿ÀÁÂÃÄÅÆÇÈÉÊËÌÍÎÏÐÑÒÓÔÕÖ×ØÙÚÛÜÝÞßàáâãäåæçèéêëìíîïðñòóôõö÷øùúûüýþÿĀāĂăĄąĆćĈĉĊċČčĎďĐđĒēĔĕĖėĘęĚěĜĝĞğĠġĢģĤĥĦħĨĩĪīĬĭĮįİıĲĳĴĵĶķĸĹĺĻļĽľĿŀŁłŃńŅņŇňŉŊŋŌōŎŏŐőŒœŔŕŖŗŘřŚśŜŝŞşŠšŢţŤťŦŧŨũŪūŬŭŮůŰűŲųŴŵŶŷŸŹźŻżŽžſƀƁƂƃƄƅƆƇƈƉƊƋƌƍƎƏƐƑƒƓƔƕƖƗƘƙƚƛƜƝƞƟƠơƢƣƤƥƦƧƨƩƪƫƬƭƮƯưƱƲƳƴƵƶƷƸƹƺƻƼƽƾƿǀǁǂǃǄǅǆǇǈǉǊǋǌǍǎǏǐǑǒǓǔǕǖǗǘǙǚǛǜǝǞǟǠǡǢǣǤǥǦǧǨǩǪǫǬǭǮǯǰǱǲǳǴǵǶǷǸǹǺǻǼǽǾǿȀȁȂȃȄȅȆȇȈȉȊȋȌȍȎȏȐȑȒȓȔȕȖȗȘșȚțȜȝȞȟȠȡȢȣȤȥȦȧȨȩȪȫȬȭȮȯȰȱȲȳȴȵȶȷȸȹȺȻȼȽȾȿɀɁɂɃɄɅɆɇɈɉɊɋɌɍɎɏḀḁḂḃḄḅḆḇḈḉḊḋḌḍḎḏḐḑḒḓḔḕḖḗḘḙḚḛḜḝḞḟḠḡḢḣḤḥḦḧḨḩḪḫḬḭḮḯḰḱḲḳḴḵḶḷḸḹḺḻḼḽḾḿṀṁṂṃṄṅṆṇṈṉṊṋṌṍṎṏṐṑṒṓṔṕṖṗṘṙṚṛṜṝṞṟṠṡṢṣṤṥṦṧṨṩṪṫṬṭṮṯṰṱṲṳṴṵṶṷṸṹṺṻṼṽṾṿẀẁẂẃẄẅẆẇẈẉẊẋẌẍẎẏẐẑẒẓẔẕẖẗẘẙẚẛẜẝẞẟẠạẢảẤấẦầẨẩẪẫẬậẮắẰằẲẳẴẵẶặẸẹẺẻẼẽẾếỀềỂểỄễỆệỈỉỊịỌọỎỏỐốỒồỔổỖỗỘộỚớỜờỞởỠỡỢợỤụỦủỨứỪừỬửỮữỰựỲỳỴỵỶỷỸỹỺỻỼỽỾỿͰͱͲͳʹ͵Ͷͷͺͻͼͽ;Ϳ΄΅Ά·ΈΉΊΌΎΏΐΑΒΓΔΕΖΗΘΙΚΛΜΝΞΟΠΡΣΤΥΦΧΨΩΪΫάέήίΰαβγδεζηθικλμνξοπρςστυφχψωϊϋόύώϏϐϑϒϓϔϕϖϗϘϙϚϛϜϝϞϟϠϡϢϣϤϥϦϧϨϩϪϫϬϭϮϯϰϱϲϳϴϵ϶ϷϸϹϺϻϼϽϾϿЀЁЂЃЄЅІЇЈЉЊЋЌЍЎЏАБВГДЕЖЗИЙКЛМНОПРСТУФХЦЧШЩЪЫЬЭЮЯабвгдежзийклмнопрстуфхцчшщъыьэюяѐёђѓєѕіїјљњћќѝўџѠѡѢѣѤѥѦѧѨѩѪѫѬѭѮѯѰѱѲѳѴѵѶѷѸѹѺѻѼѽѾѿҀҁ҂҃҄҅҆҇҈҉ҊҋҌҍҎҏҐґҒғҔҕҖҗҘҙҚқҜҝҞҟҠҡҢңҤҥҦҧҨҩҪҫҬҭҮүҰұҲҳҴҵҶҷҸҹҺһҼҽҾҿӀӁӂӃӄӅӆӇӈӉӊӋӌӍӎӏӐӑӒӓӔӕӖӗӘәӚӛӜӝӞӟӠӡӢӣӤӥӦӧӨөӪӫӬӭӮӯӰӱӲӳӴӵӶӷӸӹӺӻӼӽӾӿἀἁἂἃἄἅἆἇἈἉἊἋἌἍἎἏἐἑἒἓἔἕἘἙἚἛἜἝἠἡἢἣἤἥἦἧἨἩἪἫἬἭἮἯἰἱἲἳἴἵἶἷἸἹἺἻἼἽἾἿὀὁὂὃὄὅὈὉὊὋὌὍὐὑὒὓὔὕὖὗὙὛὝὟὠὡὢὣὤὥὦὧὨὩὪὫὬὭὮὯὰάὲέὴήὶίὸόὺύὼώᾀᾁᾂᾃᾄᾅᾆᾇᾈᾉᾊᾋᾌᾍᾎᾏᾐᾑᾒᾓᾔᾕᾖᾗᾘᾙᾚᾛᾜᾝᾞᾟᾠᾡᾢᾣᾤᾥᾦᾧᾨᾩᾪᾫᾬᾭᾮᾯᾰᾱᾲᾳᾴᾶᾷᾸᾹᾺΆᾼ᾽ι᾿῀῁ῂῃῄῆῇῈΈῊΉῌ῍῎῏ῐῑῒΐῖῗῘῙῚΊ῝῞῟ῠῡῢΰῤῥῦῧῨῩῪΎῬ῭΅`ῲῳῴῶῷῸΌῺΏῼ´῾
