4.20000e+00
4.20000e+00
4.20000e+00
4.23000e+01
4.23000e+01
4.23000e+01
4.20000e-01
4.20000e-01
4.20000e-01
