  IMA -- Fichier src/test/deca/codegen/invalid/exmathdoc.ass introuvable
