Itération : 1
Itération : 2
Itération : 3
Itération : 4
Itération : 5
Sortie de la boucle.
Itération : 7
Itération : 8
