Valeur actuelle : 1
Valeur actuelle : 2
Valeur actuelle : 4
Valeur actuelle : 8
Valeur actuelle : 16
Valeur actuelle : 32
Valeur actuelle : 64
Valeur finale (d√©passement) : 128
