Compteur A : 1, Compteur B : 2
Compteur A : 2, Compteur B : 4
Compteur A : 3, Compteur B : 6
