  ** IMA ** ERREUR ** Ligne 13 : 
    CMP avec op1 : entier et op2 : indefini
