smallest representable => good : 1.4e-45
too small => good : 1.0e-50
