  ** IMA ** ERREUR ** Ligne 21 : 
    Adressage indirect : pas une adresse valide
    