  ** IMA ** ERREUR ** Ligne 22 : 
    CMP avec op1 : adresse memoire et op2 : indefini
    