/home/noapte/ENSIMAG/2A/ProjetGL/gl/src/test/deca/codegen/invalid/var-prive.deca:22:16: Field x is protected and cannot be accessed outside its class or subclasses
