x : 3
y (unary minus applied) : -3
z (unary minus applied twice) : 3
