Une voiture est un véhicule
Une moto est un véhicule
Une voiture n'est pas une moto
