Un rectangle n'est pas un cercle
Un cercle n'est pas un rectangle
