Un petit-enfant est un parent
Un petit-enfant est un enfant
Un enfant n'est pas un petit-enfant
